[I 2026-07-28 15:11:49.877 ServerApp] jupyter_lsp | extension was successfully linked.
[I 2026-07-28 15:11:49.880 ServerApp] jupyter_server_terminals | extension was successfully linked.
[I 2026-07-28 15:11:49.883 ServerApp] jupyterlab | extension was successfully linked.
[I 2026-07-28 15:11:49.886 ServerApp] notebook | extension was successfully linked.
[I 2026-07-28 15:11:50.336 ServerApp] notebook_shim | extension was successfully linked.
[I 2026-07-28 15:11:50.359 ServerApp] notebook_shim | extension was successfully loaded.
[I 2026-07-28 15:11:50.361 ServerApp] jupyter_lsp | extension was successfully loaded.
[I 2026-07-28 15:11:50.361 ServerApp] jupyter_server_terminals | extension was successfully loaded.
[I 2026-07-28 15:11:50.364 LabApp] JupyterLab extension loaded from /home/kalpe/ai/lib/python3.12/site-packages/jupyterlab
[I 2026-07-28 15:11:50.364 LabApp] JupyterLab application directory is /home/kalpe/ai/share/jupyter/lab
[I 2026-07-28 15:11:50.365 LabApp] Extension Manager is 'pypi'.
[I 2026-07-28 15:11:50.414 ServerApp] jupyterlab | extension was successfully loaded.
[I 2026-07-28 15:11:50.416 ServerApp] notebook | extension was successfully loaded.
[I 2026-07-28 15:11:50.417 ServerApp] Serving notebooks from local directory: /home/kalpe/projects/adaptive_rl_anomaly_detection
[I 2026-07-28 15:11:50.417 ServerApp] Jupyter Server 2.18.2 is running at:
[I 2026-07-28 15:11:50.417 ServerApp] http://localhost:8888/lab?token=fcb781e3c1d9c9301df78356d56530956dfe8e53cf398a4f
[I 2026-07-28 15:11:50.417 ServerApp]     http://127.0.0.1:8888/lab?token=fcb781e3c1d9c9301df78356d56530956dfe8e53cf398a4f
[I 2026-07-28 15:11:50.417 ServerApp] Use Control-C to stop this server and shut down all kernels (twice to skip confirmation).
[C 2026-07-28 15:11:51.059 ServerApp] 
    
    To access the server, open this file in a browser:
        file:///home/kalpe/.local/share/jupyter/runtime/jpserver-412-open.html
    Or copy and paste one of these URLs:
        http://localhost:8888/lab?token=fcb781e3c1d9c9301df78356d56530956dfe8e53cf398a4f
        http://127.0.0.1:8888/lab?token=fcb781e3c1d9c9301df78356d56530956dfe8e53cf398a4f
gio: file:///home/kalpe/.local/share/jupyter/runtime/jpserver-412-open.html: Failed to find default application for content type ‘text/html’
[I 2026-07-28 15:11:53.828 ServerApp] Skipped non-installed server(s): basedpyright, bash-language-server, dockerfile-language-server-nodejs, javascript-typescript-langserver, jedi-language-server, julia-language-server, pyrefly, pyright, python-language-server, python-lsp-server, r-languageserver, sql-language-server, texlab, typescript-language-server, unified-language-server, vscode-css-languageserver-bin, vscode-html-languageserver-bin, vscode-json-languageserver-bin, yaml-language-server
